[BUG]: out of license

## Command Line
/opt/homebrew/lib/python3.14/site-packages/pyarmor/cli/__main__.py gen --output /tmp/obf_gxb_tool /Users/sun/ClaudeCode/先甲工信部工具/PY文件/工信部数据、语音跟踪统计工具_V2.5.35_CC_20260721-1800.py

## Environments
Python 3.14.3
Pyarmor 9.2.5 (trial), 000000, non-profits
Platform darwin.aarch64
Native darwin.arm64
Home /Users/sun/.pyarmor

## Traceback
Traceback (most recent call last):
  File "/opt/homebrew/lib/python3.14/site-packages/pyarmor/cli/__main__.py", line 804, in main
    main_entry(sys.argv[1:])
    ~~~~~~~~~~^^^^^^^^^^^^^^
  File "/opt/homebrew/lib/python3.14/site-packages/pyarmor/cli/__main__.py", line 789, in main_entry
    return args.func(ctx, args)
           ~~~~~~~~~^^^^^^^^^^^
  File "/opt/homebrew/lib/python3.14/site-packages/pyarmor/cli/__main__.py", line 248, in cmd_gen
    builder.process(options)
    ~~~~~~~~~~~~~~~^^^^^^^^^
  File "/opt/homebrew/lib/python3.14/site-packages/pyarmor/cli/generate.py", line 190, in process
    async_obfuscate_scripts(self, n) if n else self._obfuscate_scripts()
                                               ~~~~~~~~~~~~~~~~~~~~~~~^^
  File "/opt/homebrew/lib/python3.14/site-packages/pyarmor/cli/generate.py", line 145, in _obfuscate_scripts
    code = Pytransform3.generate_obfuscated_script(self.ctx, r)
  File "/opt/homebrew/lib/python3.14/site-packages/pyarmor/cli/core/__init__.py", line 95, in generate_obfuscated_script
    return m.generate_obfuscated_script(ctx, res)
           ~~~~~~~~~~~~~~~~~~~~~~~~~~~~^^^^^^^^^^
  File "<maker>", line 728, in generate_obfuscated_script
  File "/opt/homebrew/lib/python3.14/site-packages/pyarmor/cli/__init__.py", line 16, in process
    return meth(self, res, *args, **kwargs)
  File "<maker>", line 553, in process
  File "<maker>", line 559, in coserialize
  File "<maker>", line 609, in _build_ast_body
RuntimeError: out of license


